// Vitest Snapshot v1, https://vitest.dev/guide/snapshot.html

exports[`AccountList > renders without error 1`] = `
<DocumentFragment>
  <div
    class="css-view-175oi2r"
  >
    ExpoLinearGradient
    <div>
      <div
        class="css-view-175oi2r"
      >
        <button
          android_ripple="[object Object]"
          role="button"
          style="background-color: transparent; padding-top: 8px; padding-bottom: 12px;"
        >
          <div
            class="css-view-175oi2r"
            data-testid="account-item/0x82D56A352367453f74FC0dC7B071b311da373Fa6"
            style="gap: 16px;"
          >
            <div
              class="css-view-175oi2r"
            >
              <div
                class="css-view-175oi2r"
                style="gap: 12px;"
              >
                <div
                  class="css-view-175oi2r"
                >
                  <div
                    class="css-view-175oi2r"
                  >
                    <div
                      class="css-view-175oi2r"
                      data-testid="account-icon"
                      style="width: 32px; height: 32px; border-top-left-radius: 999999px; border-top-right-radius: 999999px; border-bottom-right-radius: 999999px; border-bottom-left-radius: 999999px; border-top-width: 0px; border-right-width: 0px; border-bottom-width: 0px; border-left-width: 0px;"
                    >
                      <div
                        class="css-view-175oi2r"
                      >
                        <div
                          class="css-view-175oi2r"
                          style="width: 32px; height: 32px;"
                        >
                          <div
                            height="32"
                            viewbox="0 0 32 32"
                            width="32"
                          >
                            <div
                              cx="16"
                              cy="16"
                              fill="#00C3A0"
                              opacity="0.1216"
                              r="16"
                            />
                            <div
                              transform="translate(5.333333333333334, 5.333333333333334) scale(0.4444444444444444)"
                            >
                              <div
                                clip-rule="evenodd"
                                d="M20.9454 0.0175773C22.4936 -0.167833 23.763 1.13917 23.763 2.72944V21.3625C23.763 22.9527 22.4993 24.2419 20.9405 24.2419L2.67549 24.2419C1.11665 24.2419 -0.16452 22.9469 0.0172307 21.3675C1.30306 10.1936 9.99222 1.32931 20.9454 0.0175773Z"
                                fill="#00C3A0"
                                fill-rule="evenodd"
                              />
                              <div
                                clip-rule="evenodd"
                                d="M27.0546 47.9824C25.5064 48.1678 24.237 46.8608 24.237 45.2706V26.6375C24.237 25.0473 25.5007 23.7581 27.0595 23.7581L45.3245 23.7581C46.8833 23.7581 48.1645 25.0531 47.9828 26.6325C46.6969 37.8064 38.0078 46.6707 27.0546 47.9824Z"
                                fill="#00C3A0"
                                fill-rule="evenodd"
                              />
                            </div>
                          </div>
                        </div>
                      </div>
                    </div>
                  </div>
                </div>
                <div
                  class="css-view-175oi2r"
                  style="gap: 2px; max-width: 100%;"
                >
                  <div
                    class="css-view-175oi2r"
                    style="gap: 12px;"
                  >
                    <div
                      class="css-view-175oi2r"
                      style="flex-shrink: 1; gap: 4px;"
                    >
                      <div
                        class="css-text-146c3p1 r-maxWidth-dnmrzs r-overflow-1udh08x r-textOverflow-1udbk01 r-whiteSpace-3s2u2q r-wordWrap-1iln25a"
                        data-testid="address-display/name/undefined"
                        dir="auto"
                        style="flex-shrink: 1; font-size: 19px; line-height: 24px; font-family: Basel Grotesk; font-weight: 400;"
                      />
                    </div>
                  </div>
                  <div
                    class="css-view-175oi2r"
                  >
                    <div
                      class="css-view-175oi2r"
                      style="margin-top: 0px; padding: 0px 0px 0px 0px; border-top-left-radius: 999999px; border-top-right-radius: 999999px; border-bottom-right-radius: 999999px; border-bottom-left-radius: 999999px;"
                    >
                      <div
                        class="css-text-146c3p1"
                        dir="auto"
                        style="font-size: 15px; line-height: 18px; font-family: Basel Grotesk; font-weight: 400;"
                      >
                        0x​82D56A...373Fa6
                      </div>
                    </div>
                  </div>
                </div>
              </div>
            </div>
            <div
              class="css-text-146c3p1"
              dir="auto"
              style="font-size: 17px; line-height: 20px; font-family: Basel Grotesk; font-weight: 400;"
            >
              $55.00
            </div>
          </div>
        </button>
      </div>
    </div>
    ExpoLinearGradient
  </div>
</DocumentFragment>
`;
