// Vitest Snapshot v1, https://vitest.dev/guide/snapshot.html

exports[`SortButton > renders without error 1`] = `
<DocumentFragment>
  <div
    class="css-view-175oi2r"
    data-testid="explore-sort-button"
    style="gap: 4px; padding-left: 16px; padding-right: 12px; border-top-left-radius: 20px; border-top-right-radius: 20px; border-bottom-right-radius: 20px; border-bottom-left-radius: 20px;"
  >
    <button
      android_ripple="[object Object]"
      role="button"
      style="background-color: transparent;"
    >
      <div
        class="css-view-175oi2r"
        data-testid="dropdown-toggle"
        style="gap: 8px; padding-top: 8px; padding-bottom: 8px;"
      >
        <div
          class="css-text-146c3p1 r-maxWidth-dnmrzs r-overflow-1udh08x r-textOverflow-1udbk01 r-whiteSpace-3s2u2q r-wordWrap-1iln25a"
          dir="auto"
          style="flex-shrink: 1; font-size: 15px; line-height: 17.25px; font-family: Basel Grotesk; font-weight: 500;"
        >
          explore.tokens.sort.label.volume
        </div>
        <div
          class="css-view-175oi2r"
          style="border-top-left-radius: 999999px; border-top-right-radius: 999999px; border-bottom-right-radius: 999999px; border-bottom-left-radius: 999999px; transform: rotate(270deg);"
        >
          <div
            fill="none"
            stroke-width="8"
            style="color: rgba(19, 19, 19, 0.63); width: 20px; height: 20px;"
            viewbox="0 0 24 24"
          >
            <div
              clip-rule="evenodd"
              d="M15.7071 5.29289C16.0976 5.68342 16.0976 6.31658 15.7071 6.70711L10.4142 12L15.7071 17.2929C16.0976 17.6834 16.0976 18.3166 15.7071 18.7071C15.3166 19.0976 14.6834 19.0976 14.2929 18.7071L8.2929 12.7071C7.9024 12.3166 7.9024 11.6834 8.2929 11.2929L14.2929 5.29289C14.6834 4.90237 15.3166 4.90237 15.7071 5.29289Z"
              fill="currentColor"
              fill-rule="evenodd"
            />
          </div>
        </div>
      </div>
    </button>
  </div>
  <div
    class="css-view-175oi2r r-bottom-1p0dtai r-left-1d2f490 r-position-u8s1d r-right-zchlnj r-top-ipm5af r-pointerEvents-12vffkv"
    style="z-index: 1070;"
  />
</DocumentFragment>
`;
