// Vitest Snapshot v1, https://vitest.dev/guide/snapshot.html

exports[`ProviderConnectedView > should render the component and call callbacks 1`] = `
<div
  class="flex flex-col items-stretch basis-auto box-border min-h-[0px] min-w-[0px] shrink-0 gap-[16px] relative media-sm:px-[var(--cF-px)] media-sm:pb-[var(--cF-pb)]"
  style="--cF-px: 8px; --cF-pb: 16px;"
>
  <svg
    data-testid="mocked-svg"
  />
  <div
    class="flex flex-col items-stretch basis-auto box-border min-h-[0px] min-w-[0px] shrink-0 w-[100%] h-[100%] absolute top-[0px] left-[0px] z-[var(--c-z)] [background:var(--c-b)]"
    style="--c-z: 1; --c-b: radial-gradient(70% 50% at center, transparent 0%, #FFFFFF 100%);"
  />
  <div
    class="flex basis-auto box-border relative min-h-[0px] min-w-[0px] shrink-0 flex-row-reverse items-center justify-between z-[var(--c-z)]"
    style="--c-z: 2;"
  >
    <div
      class="[container-name:true] flex flex-col items-stretch basis-auto box-border relative min-h-[0px] min-w-[0px] shrink-0 [container-type:normal] rounded-[12px] [cursor:pointer] bg-transparent [transition:transform_80ms_ease-in-out,_opacity_80ms_ease-in-out] active:opacity-[0.75] active:[transform:scale(0.98)] focus-visible:[transform:scaleX(0.98)_scaleY(0.98)] focus-visible:[outline-offset:1px] focus-visible:[outline-style:solid] focus-visible:[outline-width:1px] focus-visible:[outline-color:var(--neutral3)] group"
      data-testid="ConnectingViewWrapper-close"
      role="button"
      tabindex="0"
    >
      <div
        style="display: flex; align-items: stretch; flex-direction: column; flex-basis: auto; box-sizing: border-box; position: relative; min-height: 0; min-width: 0; flex-shrink: 0;"
      >
        <svg
          fill="none"
          stroke-width="8"
          style="width: 24px; height: 24px; color: rgba(19, 19, 19, 0.63);"
          viewBox="0 0 16 16"
        >
          <path
            d="M12.5303 4.53033C12.8232 4.23744 12.8232 3.76256 12.5303 3.46967C12.2374 3.17678 11.7626 3.17678 11.4697 3.46967L12.5303 4.53033ZM3.46967 11.4697C3.17678 11.7626 3.17678 12.2374 3.46967 12.5303C3.76256 12.8232 4.23744 12.8232 4.53033 12.5303L3.46967 11.4697ZM4.53033 3.46967C4.23744 3.17678 3.76256 3.17678 3.46967 3.46967C3.17678 3.76256 3.17678 4.23744 3.46967 4.53033L4.53033 3.46967ZM11.4697 12.5303C11.7626 12.8232 12.2374 12.8232 12.5303 12.5303C12.8232 12.2374 12.8232 11.7626 12.5303 11.4697L11.4697 12.5303ZM11.4697 3.46967L3.46967 11.4697L4.53033 12.5303L12.5303 4.53033L11.4697 3.46967ZM3.46967 4.53033L11.4697 12.5303L12.5303 11.4697L4.53033 3.46967L3.46967 4.53033Z"
            fill="currentColor"
          />
        </svg>
      </div>
    </div>
  </div>
  <div
    class="flex flex-col items-stretch basis-auto box-border relative min-h-[0px] min-w-[0px] shrink-0 mt-[40px] w-[100%] h-[100%] z-[var(--c-z)]"
    style="--c-z: 2;"
  >
    <div
      class="flex flex-col basis-auto box-border relative min-h-[0px] min-w-[0px] shrink-0 items-center gap-[48px]"
    >
      <div
        class="flex flex-col basis-auto box-border relative min-h-[0px] min-w-[0px] shrink-0 items-center gap-[24px]"
      >
        <img
          height="120"
          src="test-provider-logo-light"
          style="background-color: rgb(255, 239, 248); border-radius: 20px; height: 90px; width: 90px;"
          width="120"
        />
        <div
          class="flex flex-col basis-auto box-border relative min-h-[0px] min-w-[0px] shrink-0 items-center gap-[8px]"
        >
          <span
            class="[display:inline] box-border m-0 [word-wrap:break-word] whitespace-pre-wrap [font-family:var(--stext-font-book)] text-[18px] [line-height:24px] [font-weight:485] [color:var(--stext-neutral1)]"
          >
            Complete transaction with Test Provider
          </span>
          <span
            class="[display:inline] box-border m-0 [word-wrap:break-word] whitespace-pre-wrap [font-family:var(--stext-font-book)] text-[16px] [line-height:22px] [font-weight:485] [color:var(--stext-neutral2)] text-center"
          >
            Go to the Test Provider tab to continue. It’s safe to close this modal now.
          </span>
        </div>
      </div>
      <span
        class="[display:inline] box-border m-0 [word-wrap:break-word] whitespace-pre-wrap [font-family:var(--stext-font-book)] text-[12px] [line-height:16px] [font-weight:485] [color:var(--stext-neutral3)] text-center"
      >
        By continuing, you acknowledge that you’ll be subject to the 
        <a
          class="box-border m-0 [word-wrap:break-word] whitespace-pre-wrap [font-family:var(--stext-font-medium)] text-[12px] [line-height:13.8px] [font-weight:535] [color:var(--stext-neutral3)] no-underline [display:inline] [outline-style:none] hover:[color:var(--ch-col)] focus:[color:var(--cf-col)] focus:[text-decoration-line:var(--cf-tdl)] focus:[text-decoration-color:var(--cf-tdc)] focus-visible:[color:var(--cv-col)] focus-visible:[text-decoration-line:var(--cv-tdl)] focus-visible:[text-decoration-color:var(--cv-tdc)] [text-underline-position:from-font]"
          data-stext-anchor="h f v"
          href="https://uniswap.org/terms-of-service"
          role="link"
          style="--ch-col: var(--stext-neutral3Hovered); --cf-col: var(--stext-neutral3Hovered); --cf-tdl: underline; --cf-tdc: var(--stext-neutral3Hovered); --cv-col: var(--stext-neutral3Hovered); --cv-tdl: underline; --cv-tdc: var(--stext-neutral3Hovered); --stext-a-col: var(--stext-neutral3); --stext-a-col-h: var(--stext-neutral3Hovered); --stext-a-col-f: var(--stext-neutral3Hovered); --stext-a-col-v: var(--stext-neutral3Hovered);"
          target="_blank"
        >
          Terms of Service
        </a>
         and 
        <a
          class="box-border m-0 [word-wrap:break-word] whitespace-pre-wrap [font-family:var(--stext-font-medium)] text-[12px] [line-height:13.8px] [font-weight:535] [color:var(--stext-neutral3)] no-underline [display:inline] [outline-style:none] hover:[color:var(--ch-col)] focus:[color:var(--cf-col)] focus:[text-decoration-line:var(--cf-tdl)] focus:[text-decoration-color:var(--cf-tdc)] focus-visible:[color:var(--cv-col)] focus-visible:[text-decoration-line:var(--cv-tdl)] focus-visible:[text-decoration-color:var(--cv-tdc)] [text-underline-position:from-font]"
          data-stext-anchor="h f v"
          href="https://uniswap.org/privacy-policy"
          role="link"
          style="--ch-col: var(--stext-neutral3Hovered); --cf-col: var(--stext-neutral3Hovered); --cf-tdl: underline; --cf-tdc: var(--stext-neutral3Hovered); --cv-col: var(--stext-neutral3Hovered); --cv-tdl: underline; --cv-tdc: var(--stext-neutral3Hovered); --stext-a-col: var(--stext-neutral3); --stext-a-col-h: var(--stext-neutral3Hovered); --stext-a-col-f: var(--stext-neutral3Hovered); --stext-a-col-v: var(--stext-neutral3Hovered);"
          target="_blank"
        >
          Privacy Policy
        </a>
         with Test Provider, as applicable.
      </span>
    </div>
  </div>
</div>
`;
