// Vitest Snapshot v1, https://vitest.dev/guide/snapshot.html

exports[`disable nft on searchbar > should render searchbar on larger screen 1`] = `
<div>
  <div
    class="[container-name:true] flex flex-col items-stretch basis-auto box-border relative min-h-[0px] min-w-[0px] shrink-0 [container-type:normal] rounded-[12px] [cursor:pointer] bg-transparent w-[var(--c-w)] [transition:transform_80ms_ease-in-out,_opacity_80ms_ease-in-out] active:opacity-[0.75] active:[transform:scale(0.98)] focus-visible:[transform:scaleX(0.98)_scaleY(0.98)] focus-visible:[outline-offset:1px] focus-visible:[outline-style:solid] focus-visible:[outline-width:1px] focus-visible:[outline-color:var(--neutral3)] group"
    data-testid="nav-search-input"
    role="button"
    style="--c-w: 320px;"
    tabindex="0"
  >
    <div
      class="flex basis-auto box-border relative min-h-[0px] min-w-[0px] shrink-0 flex-row items-center justify-between px-[16px] py-[8px] h-[40px] bg-surface2 border-surface3 border-[1px] rounded-[20px] hover:bg-[color:var(--ch-bg)]"
      style="--ch-bg: var(--surface1-hovered);"
    >
      <div
        class="flex items-stretch basis-auto box-border relative min-h-[0px] min-w-[0px] flex-row shrink gap-[12px]"
      >
        <div
          class="w-[20px] h-[20px]"
          data-testid="nav-search-icon"
        >
          <svg
            fill="none"
            stroke-width="8"
            style="width: 20px; height: 20px;"
            viewBox="0 0 26 26"
          >
            <path
              clip-rule="evenodd"
              d="M11.9166 2.16663C6.53185 2.16663 2.16663 6.53185 2.16663 11.9166C2.16663 17.3014 6.53185 21.6666 11.9166 21.6666C14.2203 21.6666 16.3374 20.8677 18.0059 19.5318L22.2462 23.7783C22.669 24.2017 23.3549 24.2022 23.7783 23.7794C24.2017 23.3566 24.2022 22.6707 23.7794 22.2473L19.5373 17.999C20.8699 16.3316 21.6666 14.2171 21.6666 11.9166C21.6666 6.53185 17.3014 2.16663 11.9166 2.16663ZM11.9166 4.33329C7.72847 4.33329 4.33329 7.72847 4.33329 11.9166C4.33329 16.1048 7.72847 19.5 11.9166 19.5C16.1048 19.5 19.5 16.1048 19.5 11.9166C19.5 7.72847 16.1048 4.33329 11.9166 4.33329Z"
              fill="currentColor"
              fill-opacity="0.63"
              fill-rule="evenodd"
            />
          </svg>
        </div>
        <span
          class="[display:inline] box-border m-0 [word-wrap:break-word] [font-family:var(--stext-font-book)] text-[16px] [line-height:22px] [font-weight:485] [color:var(--stext-neutral2)] text-left whitespace-nowrap text-ellipsis overflow-hidden"
        >
          Search Uniswap
        </span>
      </div>
      <div
        class="bg-surface3 text-neutral2 [padding:0px_8px] w-[20px] h-[20px] rounded-[4px] text-[12px] font-[535] [line-height:16px] flex items-center justify-center opacity-60 backdrop-blur-[60px]"
      >
        /
      </div>
    </div>
  </div>
</div>
`;
