// Vitest Snapshot v1, https://vitest.dev/guide/snapshot.html

exports[`LimitCustomMarketPriceButton > renders the custom amount correctly 1`] = `
<div
  class="flex items-stretch basis-auto box-border relative min-h-[0px] min-w-[0px] shrink-0 flex-row gap-[1px] w-[var(--c-w)]"
  style="--c-w: unset;"
>
  <div
    class="[container-name:true] flex basis-auto box-border relative min-h-[0px] min-w-[0px] shrink-0 [container-type:normal] rounded-[12px] [cursor:pointer] flex-row items-center justify-center px-[8px] py-[2px] h-[28px] bg-surface3 border-surface3 border-[1px] border-r-[0px] [border-bottom-left-radius:var(--c-bblr)] [border-bottom-right-radius:var(--c-bbrr)] [border-top-left-radius:var(--c-btlr)] [border-top-right-radius:var(--c-btrr)] [transition:transform_80ms_ease-in-out,_opacity_80ms_ease-in-out] active:opacity-[0.75] active:[transform:scale(0.98)] focus-visible:[transform:scaleX(0.98)_scaleY(0.98)] focus-visible:[outline-offset:1px] focus-visible:[outline-style:solid] focus-visible:[outline-width:1px] focus-visible:[outline-color:var(--neutral3)] group"
    role="button"
    style="--c-bblr: 999999px; --c-bbrr: 0px; --c-btlr: 999999px; --c-btrr: 0px;"
    tabindex="0"
  >
    <span
      class="[display:inline] box-border m-0 [word-wrap:break-word] whitespace-pre-wrap [font-family:var(--stext-font-medium)] text-[16px] [line-height:18.4px] [font-weight:535] [color:var(--stext-neutral1)]"
    >
      +
      10%
    </span>
  </div>
  <div
    class="[container-name:true] flex flex-col items-stretch basis-auto box-border relative min-h-[0px] min-w-[0px] shrink-0 [container-type:normal] rounded-[12px] [cursor:pointer] bg-transparent [transition:transform_80ms_ease-in-out,_opacity_80ms_ease-in-out] active:opacity-[0.75] active:[transform:scale(0.98)] focus-visible:[transform:scaleX(0.98)_scaleY(0.98)] focus-visible:[outline-offset:1px] focus-visible:[outline-style:solid] focus-visible:[outline-width:1px] focus-visible:[outline-color:var(--neutral3)] group"
    role="button"
    tabindex="0"
  >
    <div
      class="flex basis-auto box-border relative min-h-[0px] min-w-[0px] shrink-0 flex-row items-center justify-center p-[6px] pl-[4px] h-[28px] bg-surface3 border-surface3 border-[1px] [border-bottom-left-radius:var(--c-bblr)] [border-bottom-right-radius:var(--c-bbrr)] [border-left-color:var(--c-blc)] [border-top-left-radius:var(--c-btlr)] [border-top-right-radius:var(--c-btrr)]"
      style="--c-bblr: 0px; --c-bbrr: 999999px; --c-blc: transparent; --c-btlr: 0px; --c-btrr: 999999px;"
    >
      <svg
        fill="none"
        stroke-width="8"
        style="width: 16px; height: 16px; color: rgba(19, 19, 19, 0.63);"
        viewBox="0 0 16 16"
      >
        <path
          d="M12.5303 4.53033C12.8232 4.23744 12.8232 3.76256 12.5303 3.46967C12.2374 3.17678 11.7626 3.17678 11.4697 3.46967L12.5303 4.53033ZM3.46967 11.4697C3.17678 11.7626 3.17678 12.2374 3.46967 12.5303C3.76256 12.8232 4.23744 12.8232 4.53033 12.5303L3.46967 11.4697ZM4.53033 3.46967C4.23744 3.17678 3.76256 3.17678 3.46967 3.46967C3.17678 3.76256 3.17678 4.23744 3.46967 4.53033L4.53033 3.46967ZM11.4697 12.5303C11.7626 12.8232 12.2374 12.8232 12.5303 12.5303C12.8232 12.2374 12.8232 11.7626 12.5303 11.4697L11.4697 12.5303ZM11.4697 3.46967L3.46967 11.4697L4.53033 12.5303L12.5303 4.53033L11.4697 3.46967ZM3.46967 4.53033L11.4697 12.5303L12.5303 11.4697L4.53033 3.46967L3.46967 4.53033Z"
          fill="currentColor"
        />
      </svg>
    </div>
  </div>
</div>
`;

exports[`LimitCustomMarketPriceButton > renders the custom amount correctly, negative change 1`] = `
<div
  class="flex items-stretch basis-auto box-border relative min-h-[0px] min-w-[0px] shrink-0 flex-row gap-[1px] w-[var(--c-w)]"
  style="--c-w: unset;"
>
  <div
    class="[container-name:true] flex basis-auto box-border relative min-h-[0px] min-w-[0px] shrink-0 [container-type:normal] rounded-[12px] [cursor:pointer] flex-row items-center justify-center px-[8px] py-[2px] h-[28px] bg-surface3 border-surface3 border-[1px] border-r-[0px] [border-bottom-left-radius:var(--c-bblr)] [border-bottom-right-radius:var(--c-bbrr)] [border-top-left-radius:var(--c-btlr)] [border-top-right-radius:var(--c-btrr)] [transition:transform_80ms_ease-in-out,_opacity_80ms_ease-in-out] active:opacity-[0.75] active:[transform:scale(0.98)] focus-visible:[transform:scaleX(0.98)_scaleY(0.98)] focus-visible:[outline-offset:1px] focus-visible:[outline-style:solid] focus-visible:[outline-width:1px] focus-visible:[outline-color:var(--neutral3)] group"
    role="button"
    style="--c-bblr: 999999px; --c-bbrr: 0px; --c-btlr: 999999px; --c-btrr: 0px;"
    tabindex="0"
  >
    <span
      class="[display:inline] box-border m-0 [word-wrap:break-word] whitespace-pre-wrap [font-family:var(--stext-font-medium)] text-[16px] [line-height:18.4px] [font-weight:535] [color:var(--stext-neutral1)]"
    >
      -10%
    </span>
  </div>
  <div
    class="[container-name:true] flex flex-col items-stretch basis-auto box-border relative min-h-[0px] min-w-[0px] shrink-0 [container-type:normal] rounded-[12px] [cursor:pointer] bg-transparent [transition:transform_80ms_ease-in-out,_opacity_80ms_ease-in-out] active:opacity-[0.75] active:[transform:scale(0.98)] focus-visible:[transform:scaleX(0.98)_scaleY(0.98)] focus-visible:[outline-offset:1px] focus-visible:[outline-style:solid] focus-visible:[outline-width:1px] focus-visible:[outline-color:var(--neutral3)] group"
    role="button"
    tabindex="0"
  >
    <div
      class="flex basis-auto box-border relative min-h-[0px] min-w-[0px] shrink-0 flex-row items-center justify-center p-[6px] pl-[4px] h-[28px] bg-surface3 border-surface3 border-[1px] [border-bottom-left-radius:var(--c-bblr)] [border-bottom-right-radius:var(--c-bbrr)] [border-left-color:var(--c-blc)] [border-top-left-radius:var(--c-btlr)] [border-top-right-radius:var(--c-btrr)]"
      style="--c-bblr: 0px; --c-bbrr: 999999px; --c-blc: transparent; --c-btlr: 0px; --c-btrr: 999999px;"
    >
      <svg
        fill="none"
        stroke-width="8"
        style="width: 16px; height: 16px; color: rgba(19, 19, 19, 0.63);"
        viewBox="0 0 16 16"
      >
        <path
          d="M12.5303 4.53033C12.8232 4.23744 12.8232 3.76256 12.5303 3.46967C12.2374 3.17678 11.7626 3.17678 11.4697 3.46967L12.5303 4.53033ZM3.46967 11.4697C3.17678 11.7626 3.17678 12.2374 3.46967 12.5303C3.76256 12.8232 4.23744 12.8232 4.53033 12.5303L3.46967 11.4697ZM4.53033 3.46967C4.23744 3.17678 3.76256 3.17678 3.46967 3.46967C3.17678 3.76256 3.17678 4.23744 3.46967 4.53033L4.53033 3.46967ZM11.4697 12.5303C11.7626 12.8232 12.2374 12.8232 12.5303 12.5303C12.8232 12.2374 12.8232 11.7626 12.5303 11.4697L11.4697 12.5303ZM11.4697 3.46967L3.46967 11.4697L4.53033 12.5303L12.5303 4.53033L11.4697 3.46967ZM3.46967 4.53033L11.4697 12.5303L12.5303 11.4697L4.53033 3.46967L3.46967 4.53033Z"
          fill="currentColor"
        />
      </svg>
    </div>
  </div>
</div>
`;

exports[`LimitPresetPriceButton > renders %p correctly, disabled %p and selected %p 0 false false 1`] = `
<div
  class="[container-name:true] flex basis-auto box-border relative min-h-[0px] min-w-[0px] shrink-0 [container-type:normal] [cursor:pointer] flex-row items-center justify-center px-[8px] py-[2px] h-[28px] bg-[transparent] border-surface3 border-[1px] rounded-[999999px] [transition:transform_80ms_ease-in-out,_opacity_80ms_ease-in-out] active:opacity-[0.75] active:[transform:scale(0.98)] focus-visible:[transform:scaleX(0.98)_scaleY(0.98)] focus-visible:[outline-offset:1px] focus-visible:[outline-style:solid] focus-visible:[outline-width:1px] focus-visible:[outline-color:var(--neutral3)] group"
  role="button"
  tabindex="0"
>
  <span
    class="[display:inline] box-border m-0 [word-wrap:break-word] whitespace-pre-wrap [font-family:var(--stext-font-medium)] text-[16px] [line-height:18.4px] [font-weight:535] [color:var(--stext-neutral2)]"
  >
    Market
  </span>
</div>
`;

exports[`LimitPresetPriceButton > renders %p correctly, disabled %p and selected %p 0 false true 1`] = `
<div
  class="[container-name:true] flex basis-auto box-border relative min-h-[0px] min-w-[0px] shrink-0 [container-type:normal] [cursor:pointer] flex-row items-center justify-center px-[8px] py-[2px] h-[28px] bg-surface3 border-surface3 border-[1px] rounded-[999999px] [transition:transform_80ms_ease-in-out,_opacity_80ms_ease-in-out] active:opacity-[0.75] active:[transform:scale(0.98)] focus-visible:[transform:scaleX(0.98)_scaleY(0.98)] focus-visible:[outline-offset:1px] focus-visible:[outline-style:solid] focus-visible:[outline-width:1px] focus-visible:[outline-color:var(--neutral3)] group"
  role="button"
  tabindex="0"
>
  <span
    class="[display:inline] box-border m-0 [word-wrap:break-word] whitespace-pre-wrap [font-family:var(--stext-font-medium)] text-[16px] [line-height:18.4px] [font-weight:535] [color:var(--stext-neutral1)]"
  >
    Market
  </span>
</div>
`;

exports[`LimitPresetPriceButton > renders %p correctly, disabled %p and selected %p 0 true false 1`] = `
<div
  aria-disabled="true"
  class="[container-name:true] flex basis-auto box-border relative min-h-[0px] min-w-[0px] shrink-0 [container-type:normal] flex-row items-center justify-center px-[8px] py-[2px] h-[28px] bg-[transparent] border-surface3 border-[1px] rounded-[999999px] opacity-[0.6] [cursor:default] [pointer-events:none] [&>*]:[pointer-events:auto] [transition:transform_80ms_ease-in-out,_opacity_80ms_ease-in-out] [user-select:none] active:opacity-[0.75] active:[transform:scale(0.98)] focus-visible:[transform:scaleX(0.98)_scaleY(0.98)] focus-visible:[outline-offset:1px] focus-visible:[outline-style:solid] focus-visible:[outline-width:1px] focus-visible:[outline-color:var(--neutral3)] group"
  role="button"
  tabindex="-1"
>
  <span
    class="[display:inline] box-border m-0 [word-wrap:break-word] whitespace-pre-wrap [font-family:var(--stext-font-medium)] text-[16px] [line-height:18.4px] [font-weight:535] [color:var(--stext-neutral2)]"
  >
    Market
  </span>
</div>
`;

exports[`LimitPresetPriceButton > renders %p correctly, disabled %p and selected %p 5 false true 1`] = `
<div
  class="[container-name:true] flex basis-auto box-border relative min-h-[0px] min-w-[0px] shrink-0 [container-type:normal] [cursor:pointer] flex-row items-center justify-center px-[8px] py-[2px] h-[28px] bg-surface3 border-surface3 border-[1px] rounded-[999999px] [transition:transform_80ms_ease-in-out,_opacity_80ms_ease-in-out] active:opacity-[0.75] active:[transform:scale(0.98)] focus-visible:[transform:scaleX(0.98)_scaleY(0.98)] focus-visible:[outline-offset:1px] focus-visible:[outline-style:solid] focus-visible:[outline-width:1px] focus-visible:[outline-color:var(--neutral3)] group"
  role="button"
  tabindex="0"
>
  <span
    class="[display:inline] box-border m-0 [word-wrap:break-word] whitespace-pre-wrap [font-family:var(--stext-font-medium)] text-[16px] [line-height:18.4px] [font-weight:535] [color:var(--stext-neutral1)]"
  >
    +
    5%
  </span>
</div>
`;

exports[`LimitPresetPriceButton > renders %p correctly, disabled %p and selected %p 5 true false 1`] = `
<div
  aria-disabled="true"
  class="[container-name:true] flex basis-auto box-border relative min-h-[0px] min-w-[0px] shrink-0 [container-type:normal] flex-row items-center justify-center px-[8px] py-[2px] h-[28px] bg-[transparent] border-surface3 border-[1px] rounded-[999999px] opacity-[0.6] [cursor:default] [pointer-events:none] [&>*]:[pointer-events:auto] [transition:transform_80ms_ease-in-out,_opacity_80ms_ease-in-out] [user-select:none] active:opacity-[0.75] active:[transform:scale(0.98)] focus-visible:[transform:scaleX(0.98)_scaleY(0.98)] focus-visible:[outline-offset:1px] focus-visible:[outline-style:solid] focus-visible:[outline-width:1px] focus-visible:[outline-color:var(--neutral3)] group"
  role="button"
  tabindex="-1"
>
  <span
    class="[display:inline] box-border m-0 [word-wrap:break-word] whitespace-pre-wrap [font-family:var(--stext-font-medium)] text-[16px] [line-height:18.4px] [font-weight:535] [color:var(--stext-neutral2)]"
  >
    +
    5%
  </span>
</div>
`;

exports[`LimitPresetPriceButton > renders %p correctly, disabled %p and selected %p 10 false true 1`] = `
<div
  class="[container-name:true] flex basis-auto box-border relative min-h-[0px] min-w-[0px] shrink-0 [container-type:normal] [cursor:pointer] flex-row items-center justify-center px-[8px] py-[2px] h-[28px] bg-surface3 border-surface3 border-[1px] rounded-[999999px] [transition:transform_80ms_ease-in-out,_opacity_80ms_ease-in-out] active:opacity-[0.75] active:[transform:scale(0.98)] focus-visible:[transform:scaleX(0.98)_scaleY(0.98)] focus-visible:[outline-offset:1px] focus-visible:[outline-style:solid] focus-visible:[outline-width:1px] focus-visible:[outline-color:var(--neutral3)] group"
  role="button"
  tabindex="0"
>
  <span
    class="[display:inline] box-border m-0 [word-wrap:break-word] whitespace-pre-wrap [font-family:var(--stext-font-medium)] text-[16px] [line-height:18.4px] [font-weight:535] [color:var(--stext-neutral1)]"
  >
    +
    10%
  </span>
</div>
`;
