// Vitest Snapshot v1, https://vitest.dev/guide/snapshot.html

exports[`LongMarkdownText > renders without error 1`] = `
<DocumentFragment>
  <div
    class="css-view-175oi2r"
    style="gap: 8px;"
  >
    <div
      class="css-view-175oi2r"
      data-testid="markdown-wrapper"
    >
      <div
        class="css-view-175oi2r"
        style="opacity: 0; pointer-events: none;"
      >
        <div
          class="css-view-175oi2r r-height-16l9doz r-overflow-1udh08x"
        >
          <div
            class="css-view-175oi2r r-alignItems-1habvwh r-flexDirection-18u37iz r-flexWrap-1w6e6rj r-justifyContent-1h0z5md r-marginBottom-p1pxzi r-marginTop-1mnahxq r-width-13qz1uu"
          >
            <div
              class="css-text-146c3p1"
              dir="auto"
            >
              <span
                class="css-textHasAncestor-1jxf684"
                style="color: rgb(19, 19, 19); font-family: Basel Grotesk; font-size: 17px; line-height: 22px;"
              >
                .
              </span>
            </div>
          </div>
        </div>
      </div>
      <div
        class="css-view-175oi2r r-height-tumt6t r-overflow-1udh08x"
      >
        <div
          class="css-view-175oi2r r-alignItems-1habvwh r-flexDirection-18u37iz r-flexWrap-1w6e6rj r-justifyContent-1h0z5md r-marginBottom-p1pxzi r-marginTop-1mnahxq r-width-13qz1uu"
        >
          <div
            class="css-text-146c3p1"
            dir="auto"
          >
            <span
              class="css-textHasAncestor-1jxf684"
              style="color: rgb(19, 19, 19); font-family: Basel Grotesk; font-size: 17px; line-height: 22px;"
            >
              Some very long text
            </span>
          </div>
        </div>
      </div>
    </div>
    <div
      class="css-text-146c3p1 r-cursor-1loqt21"
      data-testid="read-more-button"
      dir="auto"
      style="margin-top: 0px; margin-bottom: 0px; padding-top: 0px; padding-bottom: 0px; font-size: 17px; line-height: 19.549999999999997px; font-family: Basel Grotesk; font-weight: 500; color: rgba(19, 19, 19, 0.63);"
    >
      common.longText.button.more
    </div>
  </div>
</DocumentFragment>
`;
