// Vitest Snapshot v1, https://vitest.dev/guide/snapshot.html

exports[`LimitOrderDetails.tsx > renders a preview trade while disabling submission 1`] = `
<DocumentFragment>
  <div
    class="flex flex-col items-stretch basis-auto box-border relative min-h-[0px] min-w-[0px] shrink-0 gap-[8px] px-[12px] pb-[8px]"
  />
  <div
    class="flex items-stretch basis-auto box-border relative min-h-[0px] min-w-[0px] shrink-0 flex-row flex-wrap w-[100%]"
  >
    <button
      aria-disabled="true"
      class="group/sbtn relative box-border flex min-h-0 min-w-0 items-center justify-center border border-solid border-transparent select-none [transition:transform_100ms_cubic-bezier(0.17,0.67,0.45,1),filter_100ms_cubic-bezier(0.17,0.67,0.45,1)] active:scale-[0.98] focus-visible:outline-1 focus-visible:outline-offset-2 focus-visible:outline-solid gap-2 rounded-16 px-4 py-3 flex-row flex-1 basis-0 self-stretch focus-visible:scale-x-[0.98] focus-visible:scale-y-[0.905] bg-surface2 cursor-default pointer-events-none"
      data-testid="confirm-swap-button"
      dd-action-name="Finalizing quote..."
      disabled=""
      id="confirm-swap-or-send"
      tabindex="-1"
      type="button"
    >
      <span
        class="inline-flex shrink-0 items-center justify-center text-neutral2"
      >
        <svg
          aria-hidden="true"
          class="sbtn-spin"
          fill="none"
          height="20.7"
          viewBox="0 0 24 24"
          width="20.7"
        >
          <path
            d="M12 3C16.9706 3 21 7.02944 21 12C21 16.9706 16.9706 21 12 21C7.02944 21 3 16.9706 3 12C3 7.02944 7.02944 3 12 3Z"
            opacity="0.1"
            stroke="currentColor"
            stroke-linecap="round"
            stroke-width="3"
          />
          <path
            d="M21 12C21 7.02944 16.9706 3 12 3"
            stroke="currentColor"
            stroke-linecap="round"
            stroke-width="3"
          />
        </svg>
      </span>
      <span
        class="text-center font-medium whitespace-nowrap [font-family:var(--sbtn-font-button)] [transition:color_100ms_cubic-bezier(0.17,0.67,0.45,1)] text-[16px] leading-[20.7px] text-neutral2"
      >
        Finalizing quote...
      </span>
    </button>
  </div>
</DocumentFragment>
`;

exports[`LimitOrderDetails.tsx > renders slippage tooltip 1`] = `
<DocumentFragment>
  The maximum price movement before your transaction will revert.
  <br />
  <a
    class="[display:inline] box-border m-0 [word-wrap:break-word] whitespace-pre-wrap [font-family:var(--stext-font-book)] text-[16px] [line-height:22px] [font-weight:535] [color:var(--stext-accent1)] no-underline [cursor:pointer] hover:opacity-[var(--ch-opacity)] active:opacity-[var(--ca-opacity)]"
    href="https://support.uniswap.org/hc/en-us/articles/20131678274957"
    rel="noopener noreferrer"
    role="link"
    style="--ch-opacity: 0.6; --ca-opacity: 0.4; transition: opacity 100ms cubic-bezier(0.17, 0.67, 0.45, 1);"
    target="_blank"
  >
    Learn more
  </a>
</DocumentFragment>
`;
